             VMA              LMA     Size Align Out     In      Symbol
               0                0 80200000     1 . = 0x80200000
        80200000         80200000       5c     4 .text
        80200000         80200000        c     2         /tmp/kernel-fed582.o:(.text.boot)
        80200000         80200000        0     1                 
        80200000         80200000        0     1                 
        80200000         80200000        0     1                 .Lpcrel_hi1
        80200000         80200000        0     1                 $x.0
        80200000         80200000        0     1                 
        80200000         80200000        c     1                 kernel_entry
        8020000c         8020000c        0     1                 
        8020000c         8020000c        0     1                 
        8020000c         8020000c       50     2         /tmp/kernel-fed582.o:(.text)
        8020000c         8020000c        0     1                 
        8020000c         8020000c        0     1                 
        8020000c         8020000c        0     1                 $x.1
        8020000c         8020000c        0     1                 
        8020000c         8020000c        6     1                 sbi_call
        80200010         80200010        0     1                 
        80200012         80200012        0     1                 
        80200012         80200012        0     1                 
        80200012         80200012        0     1                 
        80200012         80200012       14     1                 putchar
        80200024         80200024        0     1                 
        80200026         80200026        0     1                 
        80200026         80200026        0     1                 
        80200026         80200026        0     1                 .Lpcrel_hi0
        80200026         80200026        0     1                 
        80200026         80200026       36     1                 kernel_main
        8020002e         8020002e        0     1                 
        80200036         80200036        0     1                 
        80200042         80200042        0     1                 .LBB3_1
        80200042         80200042        0     1                 
        80200042         80200042        0     1                 
        80200046         80200046        0     1                 
        80200046         80200046        0     1                 
        8020004c         8020004c        0     1                 
        8020004c         8020004c        0     1                 
        80200050         80200050        0     1                 
        80200052         80200052        0     1                 
        80200056         80200056        0     1                 
        80200056         80200056        0     1                 .LBB3_2
        80200056         80200056        0     1                 
        8020005a         8020005a        0     1                 
        8020005c         8020005c        0     1                 
        8020005c         8020005c        0     1                 
        80200060         80200060       10     8 .rodata
        80200060         80200060       10     1         <internal>:(.rodata.str1.1)
        80200070         80200070        0    16 .bss
        80200070         80200070        0     1         __bss = .
        80200070         80200070        0     1         __bss_end = .
        80200070         80200070        0     1 . = ALIGN ( 16 )
        80200070         80200070    20000     1 . += 128 * 1024
        80220070         80220070        0     1 __stack_top = .
               0                0      169     1 .debug_loc
               0                0      169     1         /tmp/kernel-fed582.o:(.debug_loc)
               0                0        0     1                 
               0                0        0     1                 $d.3
              33               33        0     1                 
              66               66        0     1                 
              99               99        0     1                 
              ce               ce        0     1                 
             101              101        0     1                 
             134              134        0     1                 
               0                0      14e     1 .debug_abbrev
               0                0      14e     1         /tmp/kernel-fed582.o:(.debug_abbrev)
               0                0        0     1                 $d.4
               0                0      36a     1 .debug_info
               0                0      36a     1         /tmp/kernel-fed582.o:(.debug_info)
               0                0        0     1                 $d.5
               0                0       30     1 .debug_ranges
               0                0       30     1         /tmp/kernel-fed582.o:(.debug_ranges)
               0                0        0     1                 
               0                0        0     1                 $d.6
               0                0       ee     1 .debug_str
               0                0       ee     1         <internal>:(.debug_str)
               0                0       42     1 .comment
               0                0       42     1         <internal>:(.comment)
               0                0       2b     1 .riscv.attributes
               0                0       2b     1         <internal>:(.riscv.attributes)
               0                0       78     8 .debug_frame
               0                0       78     8         /tmp/kernel-fed582.o:(.debug_frame)
               0                0        0     1                 
               0                0        0     1                 $d.10
               0                0       b2     1 .debug_line
               0                0       b2     1         /tmp/kernel-fed582.o:(.debug_line)
               0                0        0     1                 .Lline_table_start0
               0                0        0     1                 $d.11
               0                0      8d0     8 .symtab
               0                0      8d0     8         <internal>:(.symtab)
               0                0       a0     1 .shstrtab
               0                0       a0     1         <internal>:(.shstrtab)
               0                0       8e     1 .strtab
               0                0       8e     1         <internal>:(.strtab)
