             VMA              LMA     Size Align Out     In      Symbol
               0                0 80200000     1 . = 0x80200000
        80200000         80200000      366     4 .text
        80200000         80200000        c     2         /tmp/kernel-861358.o:(.text.boot)
        80200000         80200000        0     1                 
        80200000         80200000        0     1                 
        80200000         80200000        0     1                 .Lpcrel_hi16
        80200000         80200000        0     1                 $x.0
        80200000         80200000        0     1                 
        80200000         80200000        c     1                 kernel_entry
        8020000c         8020000c        0     1                 
        8020000c         8020000c        0     1                 
        8020000c         8020000c      13c     2         /tmp/kernel-861358.o:(.text)
        8020000c         8020000c        0     1                 
        8020000c         8020000c        0     1                 
        8020000c         8020000c        0     1                 $x.1
        8020000c         8020000c        0     1                 
        8020000c         8020000c        6     1                 sbi_call
        80200010         80200010        0     1                 
        80200012         80200012        0     1                 
        80200012         80200012        0     1                 
        80200012         80200012        0     1                 
        80200012         80200012       14     1                 putchar
        80200024         80200024        0     1                 
        80200026         80200026        0     1                 
        80200026         80200026        0     1                 
        80200026         80200026        0     1                 
        80200026         80200026       54     1                 alloc_pages
        8020002c         8020002c        0     1                 .Lpcrel_hi0
        8020002c         8020002c        0     1                 
        80200034         80200034        0     1                 
        80200034         80200034        0     1                 
        80200036         80200036        0     1                 
        8020003a         8020003a        0     1                 
        8020003e         8020003e        0     1                 .Lpcrel_hi1
        8020003e         8020003e        0     1                 
        80200046         80200046        0     1                 
        8020004a         8020004a        0     1                 
        8020004e         8020004e        0     1                 .Lpcrel_hi2
        8020004e         8020004e        0     1                 
        80200056         80200056        0     1                 .Lpcrel_hi3
        80200066         80200066        0     1                 
        80200066         80200066        0     1                 .LBB3_2
        80200068         80200068        0     1                 .LBB3_3
        80200068         80200068        0     1                 
        80200070         80200070        0     1                 
        80200070         80200070        0     1                 
        80200076         80200076        0     1                 
        80200076         80200076        0     1                 
        8020007a         8020007a        0     1                 
        8020007a         8020007a        0     1                 
        8020007a         8020007a        0     1                 
        8020007a         8020007a        0     1                 
        8020007a         8020007a        0     1                 
        8020007a         8020007a       ce     1                 kernel_main
        80200086         80200086        0     1                 .Lpcrel_hi4
        80200086         80200086        0     1                 
        8020008e         8020008e        0     1                 .Lpcrel_hi5
        8020009e         8020009e        0     1                 
        8020009e         8020009e        0     1                 .Lpcrel_hi6
        8020009e         8020009e        0     1                 
        802000a6         802000a6        0     1                 
        802000a6         802000a6        0     1                 
        802000a8         802000a8        0     1                 
        802000aa         802000aa        0     1                 .Lpcrel_hi7
        802000aa         802000aa        0     1                 
        802000b2         802000b2        0     1                 
        802000b6         802000b6        0     1                 
        802000ba         802000ba        0     1                 .Lpcrel_hi8
        802000ba         802000ba        0     1                 
        802000c2         802000c2        0     1                 .Lpcrel_hi9
        802000d2         802000d2        0     1                 
        802000d2         802000d2        0     1                 .LBB4_2
        802000d4         802000d4        0     1                 .LBB4_3
        802000d4         802000d4        0     1                 
        802000de         802000de        0     1                 
        802000de         802000de        0     1                 
        802000e2         802000e2        0     1                 
        802000e2         802000e2        0     1                 
        802000e4         802000e4        0     1                 
        802000ea         802000ea        0     1                 
        802000ee         802000ee        0     1                 
        802000ee         802000ee        0     1                 .Lpcrel_hi10
        802000ee         802000ee        0     1                 
        802000f6         802000f6        0     1                 .Lpcrel_hi11
        80200106         80200106        0     1                 
        80200106         80200106        0     1                 .LBB4_5
        80200108         80200108        0     1                 .LBB4_6
        80200108         80200108        0     1                 
        80200112         80200112        0     1                 
        80200112         80200112        0     1                 .Lpcrel_hi12
        80200112         80200112        0     1                 
        80200120         80200120        0     1                 
        80200120         80200120        0     1                 .Lpcrel_hi13
        80200120         80200120        0     1                 
        8020012e         8020012e        0     1                 
        8020012e         8020012e        0     1                 .Lpcrel_hi14
        8020012e         8020012e        0     1                 
        80200136         80200136        0     1                 .Lpcrel_hi15
        80200146         80200146        0     1                 
        80200146         80200146        0     1                 .LBB4_7
        80200148         80200148        0     1                 
        80200148         80200148        0     1                 
        80200148         80200148      21e     2         /tmp/common-291f66.o:(.text)
        80200148         80200148        0     1                 
        80200148         80200148        0     1                 
        80200148         80200148        0     1                 $x.0
        80200148         80200148        0     1                 
        80200148         80200148      1c8     1                 printf
        80200176         80200176        0     1                 
        80200196         80200196        0     1                 .Lpcrel_hi0
        802001a0         802001a0        0     1                 .LBB0_1
        802001a0         802001a0        0     1                 
        802001a4         802001a4        0     1                 .LBB0_2
        802001a4         802001a4        0     1                 
        802001a6         802001a6        0     1                 .LBB0_3
        802001a6         802001a6        0     1                 
        802001aa         802001aa        0     1                 
        802001b2         802001b2        0     1                 .LBB0_5
        802001b2         802001b2        0     1                 
        802001b6         802001b6        0     1                 
        802001b6         802001b6        0     1                 
        802001b8         802001b8        0     1                 
        802001ba         802001ba        0     1                 .LBB0_6
        802001ba         802001ba        0     1                 
        802001be         802001be        0     1                 
        802001c0         802001c0        0     1                 
        802001d0         802001d0        0     1                 
        802001d0         802001d0        0     1                 
        802001dc         802001dc        0     1                 
        802001e0         802001e0        0     1                 
        802001e0         802001e0        0     1                 
        802001e2         802001e2        0     1                 
        802001e8         802001e8        0     1                 .LBB0_11
        802001e8         802001e8        0     1                 
        802001e8         802001e8        0     1                 
        802001f0         802001f0        0     1                 
        802001f0         802001f0        0     1                 
        802001fc         802001fc        0     1                 
        802001fc         802001fc        0     1                 
        80200200         80200200        0     1                 
        80200200         80200200        0     1                 
        80200202         80200202        0     1                 
        80200206         80200206        0     1                 
        8020020a         8020020a        0     1                 
        8020020a         8020020a        0     1                 
        80200210         80200210        0     1                 
        80200210         80200210        0     1                 
        80200212         80200212        0     1                 
        80200216         80200216        0     1                 
        8020021a         8020021a        0     1                 
        8020021a         8020021a        0     1                 
        80200220         80200220        0     1                 
        80200220         80200220        0     1                 
        80200222         80200222        0     1                 
        80200226         80200226        0     1                 
        8020022a         8020022a        0     1                 
        8020022a         8020022a        0     1                 
        80200230         80200230        0     1                 
        80200230         80200230        0     1                 
        80200232         80200232        0     1                 
        80200236         80200236        0     1                 
        8020023a         8020023a        0     1                 
        8020023a         8020023a        0     1                 
        80200240         80200240        0     1                 
        80200240         80200240        0     1                 
        80200242         80200242        0     1                 
        80200246         80200246        0     1                 
        8020024a         8020024a        0     1                 
        8020024a         8020024a        0     1                 
        80200250         80200250        0     1                 
        80200250         80200250        0     1                 
        80200252         80200252        0     1                 
        80200256         80200256        0     1                 
        8020025a         8020025a        0     1                 
        8020025a         8020025a        0     1                 
        80200260         80200260        0     1                 
        80200260         80200260        0     1                 
        80200262         80200262        0     1                 
        80200266         80200266        0     1                 
        8020026a         8020026a        0     1                 
        8020026a         8020026a        0     1                 
        8020026c         8020026c        0     1                 
        80200272         80200272        0     1                 
        80200272         80200272        0     1                 
        80200276         80200276        0     1                 
        80200276         80200276        0     1                 
        80200278         80200278        0     1                 
        8020027a         8020027a        0     1                 .LBB0_14
        8020027a         8020027a        0     1                 
        8020027a         8020027a        0     1                 
        80200284         80200284        0     1                 
        80200284         80200284        0     1                 
        80200288         80200288        0     1                 
        8020028e         8020028e        0     1                 
        8020028e         8020028e        0     1                 .LBB0_16
        8020028e         8020028e        0     1                 
        80200296         80200296        0     1                 
        80200296         80200296        0     1                 
        8020029a         8020029a        0     1                 
        8020029c         8020029c        0     1                 
        802002a0         802002a0        0     1                 .LBB0_17
        802002a0         802002a0        0     1                 
        802002a0         802002a0        0     1                 
        802002a8         802002a8        0     1                 
        802002a8         802002a8        0     1                 
        802002ac         802002ac        0     1                 
        802002ac         802002ac        0     1                 
        802002ae         802002ae        0     1                 
        802002b2         802002b2        0     1                 .LBB0_18
        802002b2         802002b2        0     1                 
        802002b4         802002b4        0     1                 
        802002b4         802002b4        0     1                 .LBB0_19
        802002b4         802002b4        0     1                 
        802002b8         802002b8        0     1                 
        802002bc         802002bc        0     1                 
        802002c0         802002c0        0     1                 .LBB0_20
        802002c0         802002c0        0     1                 
        802002c0         802002c0        0     1                 
        802002c2         802002c2        0     1                 
        802002c2         802002c2        0     1                 
        802002c6         802002c6        0     1                 
        802002ca         802002ca        0     1                 
        802002d2         802002d2        0     1                 
        802002d2         802002d2        0     1                 
        802002da         802002da        0     1                 
        802002e4         802002e4        0     1                 
        802002e4         802002e4        0     1                 
        802002ea         802002ea        0     1                 .LBB0_21
        802002ea         802002ea        0     1                 
        802002ea         802002ea        0     1                 
        802002f2         802002f2        0     1                 .LBB0_22
        802002f2         802002f2        0     1                 
        802002f2         802002f2        0     1                 
        802002f6         802002f6        0     1                 
        8020030c         8020030c        0     1                 
        80200310         80200310        0     1                 
        80200310         80200310        0     1                 
        80200310         80200310        0     1                 
        80200310         80200310        0     1                 
        80200310         80200310        0     1                 
        80200310         80200310       1c     1                 memcpy
        80200314         80200314        0     1                 
        80200314         80200314        0     1                 
        80200316         80200316        0     1                 
        80200316         80200316        0     1                 .LBB1_2
        80200316         80200316        0     1                 
        8020031a         8020031a        0     1                 
        8020031c         8020031c        0     1                 
        80200320         80200320        0     1                 
        80200320         80200320        0     1                 
        80200324         80200324        0     1                 
        80200326         80200326        0     1                 
        80200326         80200326        0     1                 
        8020032a         8020032a        0     1                 .LBB1_3
        8020032a         8020032a        0     1                 
        8020032a         8020032a        0     1                 
        8020032c         8020032c        0     1                 
        8020032c         8020032c        0     1                 
        8020032c         8020032c        0     1                 
        8020032c         8020032c        0     1                 
        8020032c         8020032c        0     1                 
        8020032c         8020032c       16     1                 memset
        80200330         80200330        0     1                 
        80200330         80200330        0     1                 
        80200332         80200332        0     1                 
        80200332         80200332        0     1                 .LBB2_2
        80200332         80200332        0     1                 
        80200336         80200336        0     1                 
        80200336         80200336        0     1                 
        8020033a         8020033a        0     1                 
        8020033c         8020033c        0     1                 
        8020033c         8020033c        0     1                 
        80200340         80200340        0     1                 .LBB2_3
        80200340         80200340        0     1                 
        80200340         80200340        0     1                 
        80200342         80200342        0     1                 
        80200342         80200342        0     1                 
        80200342         80200342        0     1                 
        80200342         80200342        0     1                 
        80200342         80200342        0     1                 
        80200342         80200342       24     1                 strcpy
        80200348         80200348        0     1                 
        8020034c         8020034c        0     1                 
        8020034c         8020034c        0     1                 
        8020034e         8020034e        0     1                 
        8020034e         8020034e        0     1                 .LBB3_2
        8020034e         8020034e        0     1                 
        80200352         80200352        0     1                 
        80200356         80200356        0     1                 
        8020035a         8020035a        0     1                 
        8020035a         8020035a        0     1                 
        8020035c         8020035c        0     1                 
        8020035c         8020035c        0     1                 
        8020035e         8020035e        0     1                 
        80200360         80200360        0     1                 .LBB3_3
        80200360         80200360        0     1                 
        80200360         80200360        0     1                 
        80200364         80200364        0     1                 
        80200366         80200366        0     1                 
        80200366         80200366        0     1                 
        80200368         80200368       88     8 .rodata
        80200368         80200368       88     1         <internal>:(.rodata.str1.1)
        802003f0         802003f0        8     8 .sdata
        802003f0         802003f0        8     8         /tmp/kernel-861358.o:(.sdata)
        802003f0         802003f0        8     1                 alloc_pages.next_paddr
        802003f0         802003f0        0     1                 $d.2
        80200400         80200400        0    16 .bss
        80200400         80200400        0     1         __bss = .
        80200400         80200400        0     1         __bss_end = .
        80200400         80200400        0     1 . = ALIGN ( 16 )
        80200400         80200400    20000     1 . += 128 * 1024
        80220400         80220400        0     1 __stack_top = .
        80220400         80220400      c00     1 . = ALIGN ( 4096 )
        80221000         80221000        0     1 __free_ram = .
        80221000         80221000  4000000     1 . += 64 * 1024 * 1024
        84221000         84221000        0     1 __free_ram_end = .
               0                0      63e     1 .debug_loc
               0                0      200     1         /tmp/kernel-861358.o:(.debug_loc)
               0                0        0     1                 
               0                0        0     1                 $d.4
              33               33        0     1                 
              66               66        0     1                 
              99               99        0     1                 
              ce               ce        0     1                 
             101              101        0     1                 
             134              134        0     1                 
             167              167        0     1                 
             19a              19a        0     1                 
             1cd              1cd        0     1                 
             200              200      43e     1         /tmp/common-291f66.o:(.debug_loc)
             200              200        0     1                 
             200              200        0     1                 $d.2
             236              236        0     1                 
             26c              26c        0     1                 
             2ca              2ca        0     1                 
             397              397        0     1                 
             3ba              3ba        0     1                 
             44f              44f        0     1                 
             49a              49a        0     1                 
             4bd              4bd        0     1                 
             519              519        0     1                 
             53e              53e        0     1                 
             59a              59a        0     1                 
             5bf              5bf        0     1                 
             5f5              5f5        0     1                 
               0                0      2dd     1 .debug_abbrev
               0                0      1a8     1         /tmp/kernel-861358.o:(.debug_abbrev)
               0                0        0     1                 $d.5
             1a8              1a8      135     1         /tmp/common-291f66.o:(.debug_abbrev)
             1a8              1a8        0     1                 $d.3
               0                0      7f2     1 .debug_info
               0                0      49d     1         /tmp/kernel-861358.o:(.debug_info)
               0                0        0     1                 $d.6
             49d              49d      355     1         /tmp/common-291f66.o:(.debug_info)
             49d              49d        0     1                 $d.4
               0                0       60     1 .debug_ranges
               0                0       30     1         /tmp/kernel-861358.o:(.debug_ranges)
               0                0        0     1                 
               0                0        0     1                 $d.7
              30               30       30     1         /tmp/common-291f66.o:(.debug_ranges)
              30               30        0     1                 
              30               30        0     1                 $d.5
               0                0      1e2     1 .debug_str
               0                0      1e2     1         <internal>:(.debug_str)
               0                0       42     1 .comment
               0                0       42     1         <internal>:(.comment)
               0                0       2b     1 .riscv.attributes
               0                0       2b     1         <internal>:(.riscv.attributes)
               0                0      140     8 .debug_frame
               0                0       a8     8         /tmp/kernel-861358.o:(.debug_frame)
               0                0        0     1                 
               0                0        0     1                 $d.11
              a8               a8       98     8         /tmp/common-291f66.o:(.debug_frame)
              a8               a8        0     1                 
              a8               a8        0     1                 $d.9
               0                0      4c0     1 .debug_line
               0                0      174     1         /tmp/kernel-861358.o:(.debug_line)
               0                0        0     1                 .Lline_table_start0
               0                0        0     1                 $d.12
             174              174      34c     1         /tmp/common-291f66.o:(.debug_line)
             174              174        0     1                 .Lline_table_start0
             174              174        0     1                 $d.10
               0                0     2430     8 .symtab
               0                0     2430     8         <internal>:(.symtab)
               0                0       a7     1 .shstrtab
               0                0       a7     1         <internal>:(.shstrtab)
               0                0      12e     1 .strtab
               0                0      12e     1         <internal>:(.strtab)
