             VMA              LMA     Size Align Out     In      Symbol
               0                0 80200000     1 . = 0x80200000
        80200000         80200000      222     4 .text
        80200000         80200000        c     2         /tmp/kernel-55765e.o:(.text.boot)
        80200000         80200000        0     1                 
        80200000         80200000        0     1                 
        80200000         80200000        0     1                 .Lpcrel_hi3
        80200000         80200000        0     1                 $x.0
        80200000         80200000        0     1                 
        80200000         80200000        c     1                 kernel_entry
        8020000c         8020000c        0     1                 
        8020000c         8020000c        0     1                 
        8020000c         8020000c       4e     2         /tmp/kernel-55765e.o:(.text)
        8020000c         8020000c        0     1                 
        8020000c         8020000c        0     1                 
        8020000c         8020000c        0     1                 $x.1
        8020000c         8020000c        0     1                 
        8020000c         8020000c        6     1                 sbi_call
        80200010         80200010        0     1                 
        80200012         80200012        0     1                 
        80200012         80200012        0     1                 
        80200012         80200012        0     1                 
        80200012         80200012       14     1                 putchar
        80200024         80200024        0     1                 
        80200026         80200026        0     1                 
        80200026         80200026        0     1                 
        80200026         80200026        0     1                 
        80200026         80200026       34     1                 kernel_main
        8020002a         8020002a        0     1                 .Lpcrel_hi0
        8020002a         8020002a        0     1                 
        80200032         80200032        0     1                 .Lpcrel_hi1
        8020003e         8020003e        0     1                 
        8020003e         8020003e        0     1                 .Lpcrel_hi2
        8020003e         8020003e        0     1                 
        80200054         80200054        0     1                 
        80200054         80200054        0     1                 .LBB3_1
        80200054         80200054        0     1                 
        80200058         80200058        0     1                 
        8020005a         8020005a        0     1                 
        8020005a         8020005a        0     1                 
        8020005a         8020005a      1c8     2         /tmp/common-df4c7e.o:(.text)
        8020005a         8020005a        0     1                 
        8020005a         8020005a        0     1                 
        8020005a         8020005a        0     1                 $x.0
        8020005a         8020005a        0     1                 
        8020005a         8020005a      1c8     1                 printf
        80200088         80200088        0     1                 
        802000a8         802000a8        0     1                 .Lpcrel_hi0
        802000b2         802000b2        0     1                 .LBB0_1
        802000b2         802000b2        0     1                 
        802000b6         802000b6        0     1                 .LBB0_2
        802000b6         802000b6        0     1                 
        802000b8         802000b8        0     1                 .LBB0_3
        802000b8         802000b8        0     1                 
        802000bc         802000bc        0     1                 
        802000c4         802000c4        0     1                 .LBB0_5
        802000c4         802000c4        0     1                 
        802000c8         802000c8        0     1                 
        802000c8         802000c8        0     1                 
        802000ca         802000ca        0     1                 
        802000cc         802000cc        0     1                 .LBB0_6
        802000cc         802000cc        0     1                 
        802000d0         802000d0        0     1                 
        802000d2         802000d2        0     1                 
        802000e2         802000e2        0     1                 
        802000e2         802000e2        0     1                 
        802000ee         802000ee        0     1                 
        802000f2         802000f2        0     1                 
        802000f2         802000f2        0     1                 
        802000f4         802000f4        0     1                 
        802000fa         802000fa        0     1                 .LBB0_11
        802000fa         802000fa        0     1                 
        802000fa         802000fa        0     1                 
        80200102         80200102        0     1                 
        80200102         80200102        0     1                 
        8020010e         8020010e        0     1                 
        8020010e         8020010e        0     1                 
        80200112         80200112        0     1                 
        80200112         80200112        0     1                 
        80200114         80200114        0     1                 
        80200118         80200118        0     1                 
        8020011c         8020011c        0     1                 
        8020011c         8020011c        0     1                 
        80200122         80200122        0     1                 
        80200122         80200122        0     1                 
        80200124         80200124        0     1                 
        80200128         80200128        0     1                 
        8020012c         8020012c        0     1                 
        8020012c         8020012c        0     1                 
        80200132         80200132        0     1                 
        80200132         80200132        0     1                 
        80200134         80200134        0     1                 
        80200138         80200138        0     1                 
        8020013c         8020013c        0     1                 
        8020013c         8020013c        0     1                 
        80200142         80200142        0     1                 
        80200142         80200142        0     1                 
        80200144         80200144        0     1                 
        80200148         80200148        0     1                 
        8020014c         8020014c        0     1                 
        8020014c         8020014c        0     1                 
        80200152         80200152        0     1                 
        80200152         80200152        0     1                 
        80200154         80200154        0     1                 
        80200158         80200158        0     1                 
        8020015c         8020015c        0     1                 
        8020015c         8020015c        0     1                 
        80200162         80200162        0     1                 
        80200162         80200162        0     1                 
        80200164         80200164        0     1                 
        80200168         80200168        0     1                 
        8020016c         8020016c        0     1                 
        8020016c         8020016c        0     1                 
        80200172         80200172        0     1                 
        80200172         80200172        0     1                 
        80200174         80200174        0     1                 
        80200178         80200178        0     1                 
        8020017c         8020017c        0     1                 
        8020017c         8020017c        0     1                 
        8020017e         8020017e        0     1                 
        80200184         80200184        0     1                 
        80200184         80200184        0     1                 
        80200188         80200188        0     1                 
        80200188         80200188        0     1                 
        8020018a         8020018a        0     1                 
        8020018c         8020018c        0     1                 .LBB0_14
        8020018c         8020018c        0     1                 
        8020018c         8020018c        0     1                 
        80200196         80200196        0     1                 
        80200196         80200196        0     1                 
        8020019a         8020019a        0     1                 
        802001a0         802001a0        0     1                 
        802001a0         802001a0        0     1                 .LBB0_16
        802001a0         802001a0        0     1                 
        802001a8         802001a8        0     1                 
        802001a8         802001a8        0     1                 
        802001ac         802001ac        0     1                 
        802001ae         802001ae        0     1                 
        802001b2         802001b2        0     1                 .LBB0_17
        802001b2         802001b2        0     1                 
        802001b2         802001b2        0     1                 
        802001ba         802001ba        0     1                 
        802001ba         802001ba        0     1                 
        802001be         802001be        0     1                 
        802001be         802001be        0     1                 
        802001c0         802001c0        0     1                 
        802001c4         802001c4        0     1                 .LBB0_18
        802001c4         802001c4        0     1                 
        802001c6         802001c6        0     1                 
        802001c6         802001c6        0     1                 .LBB0_19
        802001c6         802001c6        0     1                 
        802001ca         802001ca        0     1                 
        802001ce         802001ce        0     1                 
        802001d2         802001d2        0     1                 .LBB0_20
        802001d2         802001d2        0     1                 
        802001d2         802001d2        0     1                 
        802001d4         802001d4        0     1                 
        802001d4         802001d4        0     1                 
        802001d8         802001d8        0     1                 
        802001dc         802001dc        0     1                 
        802001e4         802001e4        0     1                 
        802001e4         802001e4        0     1                 
        802001ec         802001ec        0     1                 
        802001f6         802001f6        0     1                 
        802001f6         802001f6        0     1                 
        802001fc         802001fc        0     1                 .LBB0_21
        802001fc         802001fc        0     1                 
        802001fc         802001fc        0     1                 
        80200204         80200204        0     1                 .LBB0_22
        80200204         80200204        0     1                 
        80200204         80200204        0     1                 
        80200208         80200208        0     1                 
        8020021e         8020021e        0     1                 
        80200222         80200222        0     1                 
        80200222         80200222        0     1                 
        80200228         80200228       34     8 .rodata
        80200228         80200228       34     1         <internal>:(.rodata.str1.1)
        80200260         80200260        0    16 .bss
        80200260         80200260        0     1         __bss = .
        80200260         80200260        0     1         __bss_end = .
        80200260         80200260        0     1 . = ALIGN ( 16 )
        80200260         80200260    20000     1 . += 128 * 1024
        80220260         80220260        0     1 __stack_top = .
               0                0      368     1 .debug_loc
               0                0       ce     1         /tmp/kernel-55765e.o:(.debug_loc)
               0                0        0     1                 
               0                0        0     1                 $d.3
              33               33        0     1                 
              66               66        0     1                 
              99               99        0     1                 
              ce               ce      29a     1         /tmp/common-df4c7e.o:(.debug_loc)
              ce               ce        0     1                 
              ce               ce        0     1                 $d.2
             104              104        0     1                 
             13a              13a        0     1                 
             198              198        0     1                 
             265              265        0     1                 
             288              288        0     1                 
             31d              31d        0     1                 
               0                0      256     1 .debug_abbrev
               0                0      15c     1         /tmp/kernel-55765e.o:(.debug_abbrev)
               0                0        0     1                 $d.4
             15c              15c       fa     1         /tmp/common-df4c7e.o:(.debug_abbrev)
             15c              15c        0     1                 $d.3
               0                0      50d     1 .debug_info
               0                0      2f9     1         /tmp/kernel-55765e.o:(.debug_info)
               0                0        0     1                 $d.5
             2f9              2f9      214     1         /tmp/common-df4c7e.o:(.debug_info)
             2f9              2f9        0     1                 $d.4
               0                0       60     1 .debug_ranges
               0                0       30     1         /tmp/kernel-55765e.o:(.debug_ranges)
               0                0        0     1                 
               0                0        0     1                 $d.6
              30               30       30     1         /tmp/common-df4c7e.o:(.debug_ranges)
              30               30        0     1                 
              30               30        0     1                 $d.5
               0                0      144     1 .debug_str
               0                0      144     1         <internal>:(.debug_str)
               0                0       42     1 .comment
               0                0       42     1         <internal>:(.comment)
               0                0       2b     1 .riscv.attributes
               0                0       2b     1         <internal>:(.riscv.attributes)
               0                0       d0     8 .debug_frame
               0                0       80     8         /tmp/kernel-55765e.o:(.debug_frame)
               0                0        0     1                 
               0                0        0     1                 $d.10
              80               80       50     8         /tmp/common-df4c7e.o:(.debug_frame)
              80               80        0     1                 
              80               80        0     1                 $d.9
               0                0      311     1 .debug_line
               0                0       b2     1         /tmp/kernel-55765e.o:(.debug_line)
               0                0        0     1                 .Lline_table_start0
               0                0        0     1                 $d.11
              b2               b2      25f     1         /tmp/common-df4c7e.o:(.debug_line)
              b2               b2        0     1                 .Lline_table_start0
              b2               b2        0     1                 $d.10
               0                0     1680     8 .symtab
               0                0     1680     8         <internal>:(.symtab)
               0                0       a0     1 .shstrtab
               0                0       a0     1         <internal>:(.shstrtab)
               0                0       d6     1 .strtab
               0                0       d6     1         <internal>:(.strtab)
